[1] 데이터 진단·EDA
[2] 모델 비교(롤링 원점 백테스트 8주)
  CV B1 Naive(지난주 동시각): MAE=19.87 RMSE=40.61 (0s)
  CV B2 규칙(직전 가동일 프로파일): MAE=17.30 RMSE=30.37 (0s)
  CV Ridge 회귀: MAE=20.92 RMSE=26.53 (0s)
  CV RandomForest(가이드북 모델): MAE=9.16 RMSE=15.50 (65s)
  CV MLP(심층신경망): MAE=12.61 RMSE=21.30 (430s)
  CV XGBoost: MAE=7.72 RMSE=11.29 (7s)
  CV CatBoost: MAE=8.09 RMSE=11.43 (24s)
  CV LightGBM: MAE=7.73 RMSE=11.21 (12s)
  CV LightGBM + 전력지연값: MAE=11.99 RMSE=17.28 (13s)
  CV LightGBM + 전력지연값 + 증강가중: MAE=10.65 RMSE=15.09 (13s)
  CV LightGBM 1시간전(지연값 포함): MAE=8.27 RMSE=11.88 (14s)
  CV LightGBM - 기상 제외: MAE=8.69 RMSE=12.65 (12s)
  CV LightGBM + 증강가중: MAE=8.47 RMSE=13.62 (12s)
[3] 가이드북 방식 재현(무작위 분할 누수 확인)
[4] 최종 모델 학습 및 시험 구간 예측
[5] 오차 분석(표본외: CV 8주 + 시험 2주)
[6] 피크 조건 분석
[7] 피크 저감 시뮬레이션
완료: 1043s
